.text
.global main
main:
	addi sp, sp, -64
	mv fp, sp
	li a0, 10
	sd a0, -0(fp)
.L2:
	addi sp, sp, -16
	sd ra, 8(sp)
	sd fp, 0(sp)
	mv fp, sp
	ld a0, -16(fp)
	addi sp, sp, -8
	sd a0, 0(sp)
	ld a0, -0(fp)
	mv a1, a0
	ld a0, 0(sp)
	addi sp, sp, 8
	add a0, a0, a1
	ld ra, 8(sp)
	ld fp, 0(sp)
	addi sp, sp, 16
	ret
	sd a0, -8(fp)
	ld a0, -8(fp)
	addi sp, sp, -8
	sd a0, 0(sp)
	li a0, 3
	mv a1, a0
	ld a0, 0(sp)
	addi sp, sp, 8
	jalr a0
	mv sp, fp
	addi sp, sp, 64
	ret

