.text
.global main
main:
	addi sp, sp, -64
	mv fp, sp
	li a0, 1
	beqz a0, .L0
	li a0, 42
	j .L1
.L0:
	li a0, 13
.L1:
	mv sp, fp
	addi sp, sp, 64
	ret

