.text
.global main
main:
	addi sp, sp, -64
	mv fp, sp
	li a0, 10
	sd a0, -0(fp)
	ld a0, -0(fp)
	addi sp, sp, -8
	sd a0, 0(sp)
	li a0, 2
	mv a1, a0
	ld a0, 0(sp)
	addi sp, sp, 8
	mul a0, a0, a1
	addi sp, sp, -8
	sd a0, 0(sp)
	li a0, 3
	sd a0, -8(fp)
	ld a0, -0(fp)
	addi sp, sp, -8
	sd a0, 0(sp)
	ld a0, -8(fp)
	mv a1, a0
	ld a0, 0(sp)
	addi sp, sp, 8
	add a0, a0, a1
	mv a1, a0
	ld a0, 0(sp)
	addi sp, sp, 8
	add a0, a0, a1
	mv sp, fp
	addi sp, sp, 64
	ret

