.text
.global main
main:
	addi sp, sp, -64
	mv fp, sp
	li a0, 3
	addi sp, sp, -8
	sd a0, 0(sp)
	li a0, 5
	addi sp, sp, -8
	sd a0, 0(sp)
	li a0, 9
	mv a1, a0
	ld a0, 0(sp)
	addi sp, sp, 8
	mul a0, a0, a1
	mv a1, a0
	ld a0, 0(sp)
	addi sp, sp, 8
	add a0, a0, a1
	mv sp, fp
	addi sp, sp, 64
	ret

